[2026-06-01 14:22:01] Stok senkronizasyonu başlatıldı...
[2026-06-01 14:22:04] Güncellendi: SKU=PROVANYA-410-1 | Eski=-4 → Yeni=1000
[2026-06-01 14:22:04] Tamamlandı: 1 güncellendi, 0 hata, 1 kilit temizlendi (2.44s)
[2026-06-01 14:23:01] Stok senkronizasyonu başlatıldı...
[2026-06-01 14:23:01] Tamamlandı: 0 güncellendi, 0 hata, 0 kilit temizlendi (0.16s)
[2026-06-01 14:24:01] Stok senkronizasyonu başlatıldı...
[2026-06-01 14:24:01] Tamamlandı: 0 güncellendi, 0 hata, 0 kilit temizlendi (0.17s)
[2026-06-01 14:25:01] Stok senkronizasyonu başlatıldı...
[2026-06-01 14:25:02] Tamamlandı: 0 güncellendi, 0 hata, 0 kilit temizlendi (0.28s)
[2026-06-01 14:26:01] Stok senkronizasyonu başlatıldı...
[2026-06-01 14:26:01] Tamamlandı: 0 güncellendi, 0 hata, 0 kilit temizlendi (0.17s)
[2026-06-01 14:27:02] Stok senkronizasyonu başlatıldı...
[2026-06-01 14:27:04] Güncellendi: SKU=PROVANYA-410-1 | Eski=1000 → Yeni=999
[2026-06-01 14:27:04] Tamamlandı: 1 güncellendi, 0 hata, 0 kilit temizlendi (2.39s)
[2026-06-01 14:28:02] Stok senkronizasyonu başlatıldı...
[2026-06-01 14:28:03] Güncellendi: SKU=PROVANYA-410-1 | Eski=999 → Yeni=998
[2026-06-01 14:28:03] Tamamlandı: 1 güncellendi, 0 hata, 0 kilit temizlendi (1.19s)
[2026-06-01 14:29:01] Stok senkronizasyonu başlatıldı...
[2026-06-01 14:29:01] Tamamlandı: 0 güncellendi, 0 hata, 0 kilit temizlendi (0.15s)
[2026-06-01 14:30:06] Stok senkronizasyonu başlatıldı...
[2026-06-01 14:30:06] Tamamlandı: 0 güncellendi, 0 hata, 0 kilit temizlendi (0.16s)
[2026-06-01 14:45:03] Stok senkronizasyonu başlatıldı...
[2026-06-01 14:45:07] Tamamlandı: 0 güncellendi, 0 hata, 1 kilit temizlendi (3.77s)
[2026-06-01 15:00:04] Stok senkronizasyonu başlatıldı...
[2026-06-01 15:00:08] Tamamlandı: 0 güncellendi, 0 hata, 0 kilit temizlendi (4.45s)
[2026-06-01 15:15:03] Stok senkronizasyonu başlatıldı...
[2026-06-01 15:15:24] Güncellendi: SKU=PROVANYA-410-1 | Eski=997 → Yeni=996
[2026-06-01 15:15:24] Tamamlandı: 1 güncellendi, 0 hata, 0 kilit temizlendi (21.36s)
[2026-06-01 15:30:03] Stok senkronizasyonu başlatıldı...
[2026-06-01 15:30:10] Güncellendi: SKU=PROVANYA-410-1 | Eski=996 → Yeni=997
[2026-06-01 15:30:10] Tamamlandı: 1 güncellendi, 0 hata, 1 kilit temizlendi (6.73s)
[2026-06-01 15:45:03] Stok senkronizasyonu başlatıldı...
[2026-06-01 15:45:05] Güncellendi: SKU=PROVANYA-410-1 | Eski=997 → Yeni=993
[2026-06-01 15:45:05] Tamamlandı: 1 güncellendi, 0 hata, 0 kilit temizlendi (2.68s)
[2026-06-01 16:00:04] Stok senkronizasyonu başlatıldı...
[2026-06-01 16:00:38] HATA: SKU=PROVANYA-410-1 — WooCommerce API bağlantı hatası: Operation timed out after 30001 milliseconds with 0 bytes received
[2026-06-01 16:00:38] KRİTİK HATA: SQLSTATE[HY000]: General error: 2006 MySQL server has gone away
[2026-06-01 16:15:04] Stok senkronizasyonu başlatıldı...
[2026-06-01 16:15:08] Tamamlandı: 0 güncellendi, 0 hata, 0 kilit temizlendi (4.41s)
[2026-06-01 16:30:04] Stok senkronizasyonu başlatıldı...
[2026-06-01 16:30:14] HATA: SKU=PROVANYA-446 — WooCommerce API bağlantı hatası: Resolving timed out after 10002 milliseconds
[2026-06-01 16:30:20] Tamamlandı: 0 güncellendi, 1 hata, 0 kilit temizlendi (16.79s)
[2026-06-01 16:45:03] Stok senkronizasyonu başlatıldı...
[2026-06-01 16:45:18] Tamamlandı: 0 güncellendi, 0 hata, 0 kilit temizlendi (15.68s)
[2026-06-01 17:00:04] Stok senkronizasyonu başlatıldı...
[2026-06-01 17:00:07] Tamamlandı: 0 güncellendi, 0 hata, 0 kilit temizlendi (2.61s)
[2026-06-01 17:15:03] Stok senkronizasyonu başlatıldı...
[2026-06-01 17:15:08] Tamamlandı: 0 güncellendi, 0 hata, 0 kilit temizlendi (5.45s)
[2026-06-01 17:30:03] Stok senkronizasyonu başlatıldı...
[2026-06-01 17:30:06] Tamamlandı: 0 güncellendi, 0 hata, 0 kilit temizlendi (2.77s)
[2026-06-01 17:45:03] Stok senkronizasyonu başlatıldı...
[2026-06-01 17:45:07] Tamamlandı: 0 güncellendi, 0 hata, 0 kilit temizlendi (4.23s)
[2026-06-01 18:00:04] Stok senkronizasyonu başlatıldı...
[2026-06-01 18:00:07] Tamamlandı: 0 güncellendi, 0 hata, 0 kilit temizlendi (2.97s)
[2026-06-01 18:15:03] Stok senkronizasyonu başlatıldı...
[2026-06-01 18:15:06] Tamamlandı: 0 güncellendi, 0 hata, 0 kilit temizlendi (2.52s)
[2026-06-01 18:30:04] Stok senkronizasyonu başlatıldı...
[2026-06-01 18:30:09] Tamamlandı: 0 güncellendi, 0 hata, 0 kilit temizlendi (4.5s)
[2026-06-01 18:45:03] Stok senkronizasyonu başlatıldı...
[2026-06-01 18:45:06] Tamamlandı: 0 güncellendi, 0 hata, 0 kilit temizlendi (2.48s)
[2026-06-01 19:00:05] Stok senkronizasyonu başlatıldı...
[2026-06-01 19:00:11] Tamamlandı: 0 güncellendi, 0 hata, 0 kilit temizlendi (6.03s)
[2026-06-01 19:15:04] Stok senkronizasyonu başlatıldı...
[2026-06-01 19:15:07] Tamamlandı: 0 güncellendi, 0 hata, 0 kilit temizlendi (3.46s)
[2026-06-01 19:30:04] Stok senkronizasyonu başlatıldı...
[2026-06-01 19:30:09] Tamamlandı: 0 güncellendi, 0 hata, 0 kilit temizlendi (4.2s)
[2026-06-01 19:45:03] Stok senkronizasyonu başlatıldı...
[2026-06-01 19:45:18] HATA: SKU=PROVANYA-410-1 — WooCommerce API bağlantı hatası: Resolving timed out after 10000 milliseconds
[2026-06-01 19:45:18] Tamamlandı: 0 güncellendi, 1 hata, 0 kilit temizlendi (14.51s)
[2026-06-01 20:00:04] Stok senkronizasyonu başlatıldı...
[2026-06-01 20:00:07] Tamamlandı: 0 güncellendi, 0 hata, 0 kilit temizlendi (2.53s)
[2026-06-01 20:15:03] Stok senkronizasyonu başlatıldı...
[2026-06-01 20:15:10] Tamamlandı: 0 güncellendi, 0 hata, 0 kilit temizlendi (6.74s)
[2026-06-01 20:30:04] Stok senkronizasyonu başlatıldı...
[2026-06-01 20:30:11] Tamamlandı: 0 güncellendi, 0 hata, 0 kilit temizlendi (6.81s)
